// Jest Snapshot v1, https://goo.gl/fbAQLP

exports[`CenterCard should render 1`] = `
<DocumentFragment>
  <article
    class="card-center "
  />
</DocumentFragment>
`;
