// Jest Snapshot v1, https://goo.gl/fbAQLP

exports[`Page should render 1`] = `
<DocumentFragment>
  <main
    class="app-body"
  >
    <div>
      <title>
        Monikerz
      </title>
    </div>
    <div
      class=""
    />
  </main>
</DocumentFragment>
`;
