// Jest Snapshot v1, https://goo.gl/fbAQLP

exports[`Spinner should render 1`] = `
<DocumentFragment>
  <svg
    class="spinner"
    height="20"
    viewBox="0 0 100 100"
    width="20"
  >
    <circle
      cx="50"
      cy="50"
      r="42"
      transform="rotate(-90,50,50)"
    />
  </svg>
</DocumentFragment>
`;
